Sun Aug 16 12:58:24 2026: Running xcd server. This server was built by gradle.
Sun Aug 16 12:58:24 2026: Server was asked to start on port: '41263'
Sun Aug 16 12:58:24 2026: Server is using token UUID: 'fef23419-a110-41ea-9b50-3e9c95541113'
Sun Aug 16 12:58:24 2026: SESSION_MGR: creating session with session uuid: '6d04a3e9-ade5-4ab9-8d63-1f78fcd2ec76' and name 'default'
Sun Aug 16 12:58:24 2026: Attempting to start server on port '41263'
Sun Aug 16 12:58:24 2026: XCD main fifo: created main fifo '/tmp/xcdmainfef23419-a110-41ea-9b50-3e9c95541113', fd read = 13
Sun Aug 16 12:58:24 2026: Running Dispatch Server
Sun Aug 16 12:58:24 2026: Version 2.2.0
Sun Aug 16 12:58:26 2026: Dispatch Server: Accepted socket connection from client
Sun Aug 16 12:58:26 2026: Starting Socket connection
Sun Aug 16 12:58:26 2026: EXCHANGE_TOKEN received, server token: fef23419-a110-41ea-9b50-3e9c95541113, passed token: fef23419-a110-41ea-9b50-3e9c95541113
Sun Aug 16 12:58:26 2026: DISPATCH_HANDLER: Adding handler from function makeHandler in library libxv_system_diagram
Sun Aug 16 12:58:26 2026: SESSION_MGR: creating session with session uuid: '3badbee9-70fe-444f-8333-0e725da74ff3' and name 'v++_compile_recv.hw'
Sun Aug 16 12:58:26 2026: KERNEL_SVC: creating session with uuid: '3badbee9-70fe-444f-8333-0e725da74ff3' and name 'v++_compile_recv.hw'
Sun Aug 16 12:58:26 2026: GUIDANCE_SMGR: creating guidance session with uuid: '3badbee9-70fe-444f-8333-0e725da74ff3' and name 'v++_compile_recv.hw'
Sun Aug 16 12:58:26 2026: SYSTEM_DIAGRAM: creating session with uuid: '3badbee9-70fe-444f-8333-0e725da74ff3' and name 'v++_compile_recv.hw'
Sun Aug 16 12:58:48 2026: SESSION_MGR: closing session for UUID '3badbee9-70fe-444f-8333-0e725da74ff3' with name 'v++_compile_recv.hw'
Sun Aug 16 12:58:48 2026: KERNEL_SVC: closing session for UUID '3badbee9-70fe-444f-8333-0e725da74ff3' with name 'v++_compile_recv.hw'
Sun Aug 16 12:58:48 2026: GUIDANCE_SMGR: closing session for UUID '3badbee9-70fe-444f-8333-0e725da74ff3' with name 'v++_compile_recv.hw'
Sun Aug 16 12:58:48 2026: SYSTEM_DIAGRAM: closing session for UUID '3badbee9-70fe-444f-8333-0e725da74ff3' with name 'v++_compile_recv.hw'
Sun Aug 16 12:58:48 2026: STOP_SERVER received, server token: fef23419-a110-41ea-9b50-3e9c95541113, passed token: fef23419-a110-41ea-9b50-3e9c95541113
Sun Aug 16 12:58:48 2026: Socket received request to stop server.
Sun Aug 16 12:58:48 2026: Dispatch Server: do_await_stop
Sun Aug 16 12:58:48 2026: Dispatch Server: stopping mainFifo_
Sun Aug 16 12:58:48 2026: XCD main fifo: Stopping
Sun Aug 16 12:58:48 2026: XCD main fifo: do_read error code: Operation canceled
Sun Aug 16 12:58:48 2026: XCD main fifo: bytes_transferred: 0
Sun Aug 16 12:58:48 2026: SERVER: destructor for server bound to port 41263
Sun Aug 16 12:58:48 2026: XCD main fifo: Good unlink of /tmp/xcdmainfef23419-a110-41ea-9b50-3e9c95541113
Sun Aug 16 12:58:48 2026: Server exiting with status 0.
Sun Aug 16 12:58:48 2026: Closing log file.
Sun Aug 16 12:58:49 2026: Running xcd server. This server was built by gradle.
Sun Aug 16 12:58:49 2026: Server was asked to start on port: '44871'
Sun Aug 16 12:58:49 2026: Server is using token UUID: '921b54f0-ed48-4f52-a9cd-5e31be748fda'
Sun Aug 16 12:58:49 2026: SESSION_MGR: creating session with session uuid: '6d04a3e9-ade5-4ab9-8d63-1f78fcd2ec76' and name 'default'
Sun Aug 16 12:58:49 2026: Attempting to start server on port '44871'
Sun Aug 16 12:58:49 2026: XCD main fifo: created main fifo '/tmp/xcdmain921b54f0-ed48-4f52-a9cd-5e31be748fda', fd read = 12
Sun Aug 16 12:58:49 2026: Running Dispatch Server
Sun Aug 16 12:58:49 2026: Version 2.2.0
Sun Aug 16 12:58:51 2026: Dispatch Server: Accepted socket connection from client
Sun Aug 16 12:58:51 2026: Starting Socket connection
Sun Aug 16 12:58:51 2026: EXCHANGE_TOKEN received, server token: 921b54f0-ed48-4f52-a9cd-5e31be748fda, passed token: 921b54f0-ed48-4f52-a9cd-5e31be748fda
Sun Aug 16 12:58:51 2026: DISPATCH_HANDLER: Adding handler from function makeHandler in library libxv_system_diagram
Sun Aug 16 12:58:51 2026: SESSION_MGR: creating session with session uuid: '177b3d06-a3cc-4bc9-a2b7-0d94a92f8fe6' and name 'v++_link_cmac_krnl.hw.au50'
Sun Aug 16 12:58:51 2026: KERNEL_SVC: creating session with uuid: '177b3d06-a3cc-4bc9-a2b7-0d94a92f8fe6' and name 'v++_link_cmac_krnl.hw.au50'
Sun Aug 16 12:58:51 2026: GUIDANCE_SMGR: creating guidance session with uuid: '177b3d06-a3cc-4bc9-a2b7-0d94a92f8fe6' and name 'v++_link_cmac_krnl.hw.au50'
Sun Aug 16 12:58:51 2026: SYSTEM_DIAGRAM: creating session with uuid: '177b3d06-a3cc-4bc9-a2b7-0d94a92f8fe6' and name 'v++_link_cmac_krnl.hw.au50'
Sun Aug 16 12:58:58 2026: Dispatch Server: Accepted socket connection from client
Sun Aug 16 12:58:58 2026: Starting Socket connection
Sun Aug 16 12:59:01 2026: Dispatch Server: Accepted socket connection from client
Sun Aug 16 12:59:01 2026: Starting Socket connection
Sun Aug 16 13:00:07 2026: Dispatch Server: Accepted socket connection from client
Sun Aug 16 13:00:07 2026: Starting Socket connection
Sun Aug 16 13:00:07 2026: Dispatch Server: Accepted socket connection from client
Sun Aug 16 13:00:07 2026: Starting Socket connection
Sun Aug 16 13:00:07 2026: Dispatch Server: Accepted socket connection from client
Sun Aug 16 13:00:07 2026: Starting Socket connection
Sun Aug 16 13:00:07 2026: Dispatch Server: Accepted socket connection from client
Sun Aug 16 13:00:07 2026: Starting Socket connection
Sun Aug 16 13:00:07 2026: Dispatch Server: Accepted socket connection from client
Sun Aug 16 13:00:07 2026: Starting Socket connection
Sun Aug 16 13:00:07 2026: Dispatch Server: Accepted socket connection from client
Sun Aug 16 13:00:07 2026: Starting Socket connection
Sun Aug 16 13:00:07 2026: Dispatch Server: Accepted socket connection from client
Sun Aug 16 13:00:07 2026: Starting Socket connection
Sun Aug 16 13:00:07 2026: Dispatch Server: Accepted socket connection from client
Sun Aug 16 13:00:07 2026: Starting Socket connection
Sun Aug 16 13:00:34 2026: Dispatch Server: Accepted socket connection from client
Sun Aug 16 13:00:34 2026: Starting Socket connection
Sun Aug 16 13:00:34 2026: Dispatch Server: Accepted socket connection from client
Sun Aug 16 13:00:34 2026: Starting Socket connection
Sun Aug 16 13:00:34 2026: Dispatch Server: Accepted socket connection from client
Sun Aug 16 13:00:34 2026: Starting Socket connection
Sun Aug 16 13:00:34 2026: Dispatch Server: Accepted socket connection from client
Sun Aug 16 13:00:34 2026: Starting Socket connection
Sun Aug 16 13:00:36 2026: Dispatch Server: Accepted socket connection from client
Sun Aug 16 13:00:36 2026: Starting Socket connection
Sun Aug 16 13:00:36 2026: Dispatch Server: Accepted socket connection from client
Sun Aug 16 13:00:36 2026: Starting Socket connection
Sun Aug 16 13:00:36 2026: Dispatch Server: Accepted socket connection from client
Sun Aug 16 13:00:36 2026: Starting Socket connection
Sun Aug 16 13:00:37 2026: Dispatch Server: Accepted socket connection from client
Sun Aug 16 13:00:37 2026: Starting Socket connection
Sun Aug 16 13:00:40 2026: Dispatch Server: Accepted socket connection from client
Sun Aug 16 13:00:40 2026: Starting Socket connection
Sun Aug 16 13:00:42 2026: Dispatch Server: Accepted socket connection from client
Sun Aug 16 13:00:42 2026: Starting Socket connection
Sun Aug 16 13:00:49 2026: Dispatch Server: Accepted socket connection from client
Sun Aug 16 13:00:49 2026: Starting Socket connection
Sun Aug 16 13:00:57 2026: Dispatch Server: Accepted socket connection from client
Sun Aug 16 13:00:57 2026: Starting Socket connection
Sun Aug 16 13:01:00 2026: Dispatch Server: Accepted socket connection from client
Sun Aug 16 13:01:00 2026: Starting Socket connection
Sun Aug 16 13:01:03 2026: Dispatch Server: Accepted socket connection from client
Sun Aug 16 13:01:03 2026: Starting Socket connection
Sun Aug 16 13:01:04 2026: Dispatch Server: Accepted socket connection from client
Sun Aug 16 13:01:04 2026: Starting Socket connection
Sun Aug 16 13:01:10 2026: Dispatch Server: Accepted socket connection from client
Sun Aug 16 13:01:10 2026: Starting Socket connection
Sun Aug 16 13:01:17 2026: Dispatch Server: Accepted socket connection from client
Sun Aug 16 13:01:17 2026: Starting Socket connection
Sun Aug 16 13:01:28 2026: Dispatch Server: Accepted socket connection from client
Sun Aug 16 13:01:28 2026: Starting Socket connection
Sun Aug 16 13:01:29 2026: Dispatch Server: Accepted socket connection from client
Sun Aug 16 13:01:29 2026: Starting Socket connection
Sun Aug 16 13:01:30 2026: Dispatch Server: Accepted socket connection from client
Sun Aug 16 13:01:30 2026: Starting Socket connection
Sun Aug 16 13:01:31 2026: Dispatch Server: Accepted socket connection from client
Sun Aug 16 13:01:31 2026: Starting Socket connection
Sun Aug 16 13:01:31 2026: Dispatch Server: Accepted socket connection from client
Sun Aug 16 13:01:31 2026: Starting Socket connection
Sun Aug 16 13:01:32 2026: Dispatch Server: Accepted socket connection from client
Sun Aug 16 13:01:32 2026: Starting Socket connection
Sun Aug 16 13:01:47 2026: Dispatch Server: Accepted socket connection from client
Sun Aug 16 13:01:47 2026: Starting Socket connection
Sun Aug 16 13:01:55 2026: Dispatch Server: Accepted socket connection from client
Sun Aug 16 13:01:55 2026: Starting Socket connection
Sun Aug 16 13:01:55 2026: Dispatch Server: Accepted socket connection from client
Sun Aug 16 13:01:55 2026: Starting Socket connection
Sun Aug 16 13:01:59 2026: Dispatch Server: Accepted socket connection from client
Sun Aug 16 13:01:59 2026: Starting Socket connection
Sun Aug 16 13:01:59 2026: Dispatch Server: Accepted socket connection from client
Sun Aug 16 13:01:59 2026: Starting Socket connection
Sun Aug 16 13:02:04 2026: Dispatch Server: Accepted socket connection from client
Sun Aug 16 13:02:04 2026: Starting Socket connection
Sun Aug 16 13:02:05 2026: Dispatch Server: Accepted socket connection from client
Sun Aug 16 13:02:05 2026: Starting Socket connection
Sun Aug 16 13:02:11 2026: Dispatch Server: Accepted socket connection from client
Sun Aug 16 13:02:11 2026: Starting Socket connection
Sun Aug 16 13:02:11 2026: Dispatch Server: Accepted socket connection from client
Sun Aug 16 13:02:11 2026: Starting Socket connection
Sun Aug 16 13:02:12 2026: Dispatch Server: Accepted socket connection from client
Sun Aug 16 13:02:12 2026: Starting Socket connection
Sun Aug 16 13:02:14 2026: Dispatch Server: Accepted socket connection from client
Sun Aug 16 13:02:14 2026: Starting Socket connection
Sun Aug 16 13:02:22 2026: Dispatch Server: Accepted socket connection from client
Sun Aug 16 13:02:22 2026: Starting Socket connection
Sun Aug 16 13:02:22 2026: Dispatch Server: Accepted socket connection from client
Sun Aug 16 13:02:22 2026: Starting Socket connection
Sun Aug 16 13:02:29 2026: Dispatch Server: Accepted socket connection from client
Sun Aug 16 13:02:29 2026: Starting Socket connection
Sun Aug 16 13:02:32 2026: Dispatch Server: Accepted socket connection from client
Sun Aug 16 13:02:32 2026: Starting Socket connection
Sun Aug 16 13:02:32 2026: Dispatch Server: Accepted socket connection from client
Sun Aug 16 13:02:32 2026: Starting Socket connection
Sun Aug 16 13:02:33 2026: Dispatch Server: Accepted socket connection from client
Sun Aug 16 13:02:33 2026: Starting Socket connection
Sun Aug 16 13:02:35 2026: Dispatch Server: Accepted socket connection from client
Sun Aug 16 13:02:35 2026: Starting Socket connection
Sun Aug 16 13:02:38 2026: Dispatch Server: Accepted socket connection from client
Sun Aug 16 13:02:38 2026: Starting Socket connection
Sun Aug 16 13:02:39 2026: Dispatch Server: Accepted socket connection from client
Sun Aug 16 13:02:39 2026: Starting Socket connection
Sun Aug 16 13:02:39 2026: Dispatch Server: Accepted socket connection from client
Sun Aug 16 13:02:39 2026: Starting Socket connection
Sun Aug 16 13:02:41 2026: Dispatch Server: Accepted socket connection from client
Sun Aug 16 13:02:41 2026: Starting Socket connection
Sun Aug 16 13:02:42 2026: Dispatch Server: Accepted socket connection from client
Sun Aug 16 13:02:42 2026: Starting Socket connection
Sun Aug 16 13:02:44 2026: Dispatch Server: Accepted socket connection from client
Sun Aug 16 13:02:44 2026: Starting Socket connection
Sun Aug 16 13:02:45 2026: Dispatch Server: Accepted socket connection from client
Sun Aug 16 13:02:45 2026: Starting Socket connection
Sun Aug 16 13:02:46 2026: Dispatch Server: Accepted socket connection from client
Sun Aug 16 13:02:46 2026: Starting Socket connection
Sun Aug 16 13:02:49 2026: Dispatch Server: Accepted socket connection from client
Sun Aug 16 13:02:49 2026: Starting Socket connection
Sun Aug 16 13:02:51 2026: Dispatch Server: Accepted socket connection from client
Sun Aug 16 13:02:51 2026: Starting Socket connection
Sun Aug 16 13:02:55 2026: Dispatch Server: Accepted socket connection from client
Sun Aug 16 13:02:55 2026: Starting Socket connection
Sun Aug 16 13:03:00 2026: Dispatch Server: Accepted socket connection from client
Sun Aug 16 13:03:00 2026: Starting Socket connection
Sun Aug 16 13:03:02 2026: Dispatch Server: Accepted socket connection from client
Sun Aug 16 13:03:02 2026: Starting Socket connection
Sun Aug 16 13:03:08 2026: Dispatch Server: Accepted socket connection from client
Sun Aug 16 13:03:08 2026: Starting Socket connection
Sun Aug 16 13:03:09 2026: Dispatch Server: Accepted socket connection from client
Sun Aug 16 13:03:09 2026: Starting Socket connection
Sun Aug 16 13:03:11 2026: Dispatch Server: Accepted socket connection from client
Sun Aug 16 13:03:11 2026: Starting Socket connection
Sun Aug 16 13:03:12 2026: Dispatch Server: Accepted socket connection from client
Sun Aug 16 13:03:12 2026: Starting Socket connection
Sun Aug 16 13:03:12 2026: Dispatch Server: Accepted socket connection from client
Sun Aug 16 13:03:12 2026: Starting Socket connection
Sun Aug 16 13:03:18 2026: Dispatch Server: Accepted socket connection from client
Sun Aug 16 13:03:18 2026: Starting Socket connection
Sun Aug 16 13:03:18 2026: Dispatch Server: Accepted socket connection from client
Sun Aug 16 13:03:18 2026: Starting Socket connection
Sun Aug 16 13:03:19 2026: Dispatch Server: Accepted socket connection from client
Sun Aug 16 13:03:19 2026: Starting Socket connection
Sun Aug 16 13:03:19 2026: Dispatch Server: Accepted socket connection from client
Sun Aug 16 13:03:19 2026: Starting Socket connection
Sun Aug 16 13:03:24 2026: Dispatch Server: Accepted socket connection from client
Sun Aug 16 13:03:24 2026: Starting Socket connection
Sun Aug 16 13:03:25 2026: Dispatch Server: Accepted socket connection from client
Sun Aug 16 13:03:25 2026: Starting Socket connection
Sun Aug 16 13:03:25 2026: Dispatch Server: Accepted socket connection from client
Sun Aug 16 13:03:25 2026: Starting Socket connection
Sun Aug 16 13:03:25 2026: Dispatch Server: Accepted socket connection from client
Sun Aug 16 13:03:25 2026: Starting Socket connection
Sun Aug 16 13:03:27 2026: Dispatch Server: Accepted socket connection from client
Sun Aug 16 13:03:27 2026: Starting Socket connection
Sun Aug 16 13:03:29 2026: Dispatch Server: Accepted socket connection from client
Sun Aug 16 13:03:29 2026: Starting Socket connection
Sun Aug 16 13:03:31 2026: Dispatch Server: Accepted socket connection from client
Sun Aug 16 13:03:31 2026: Starting Socket connection
Sun Aug 16 13:03:35 2026: Dispatch Server: Accepted socket connection from client
Sun Aug 16 13:03:35 2026: Starting Socket connection
Sun Aug 16 13:03:36 2026: Dispatch Server: Accepted socket connection from client
Sun Aug 16 13:03:36 2026: Starting Socket connection
Sun Aug 16 13:03:42 2026: Dispatch Server: Accepted socket connection from client
Sun Aug 16 13:03:42 2026: Starting Socket connection
Sun Aug 16 13:03:48 2026: Dispatch Server: Accepted socket connection from client
Sun Aug 16 13:03:48 2026: Starting Socket connection
Sun Aug 16 13:03:51 2026: Dispatch Server: Accepted socket connection from client
Sun Aug 16 13:03:51 2026: Starting Socket connection
Sun Aug 16 13:03:55 2026: Dispatch Server: Accepted socket connection from client
Sun Aug 16 13:03:55 2026: Starting Socket connection
Sun Aug 16 13:03:58 2026: Dispatch Server: Accepted socket connection from client
Sun Aug 16 13:03:58 2026: Starting Socket connection
Sun Aug 16 13:04:03 2026: Dispatch Server: Accepted socket connection from client
Sun Aug 16 13:04:03 2026: Starting Socket connection
Sun Aug 16 13:04:09 2026: Dispatch Server: Accepted socket connection from client
Sun Aug 16 13:04:09 2026: Starting Socket connection
Sun Aug 16 13:04:09 2026: Dispatch Server: Accepted socket connection from client
Sun Aug 16 13:04:09 2026: Starting Socket connection
Sun Aug 16 13:04:13 2026: Dispatch Server: Accepted socket connection from client
Sun Aug 16 13:04:13 2026: Starting Socket connection
Sun Aug 16 13:04:16 2026: Dispatch Server: Accepted socket connection from client
Sun Aug 16 13:04:16 2026: Starting Socket connection
Sun Aug 16 13:04:18 2026: Dispatch Server: Accepted socket connection from client
Sun Aug 16 13:04:18 2026: Starting Socket connection
Sun Aug 16 13:04:19 2026: Dispatch Server: Accepted socket connection from client
Sun Aug 16 13:04:19 2026: Starting Socket connection
Sun Aug 16 13:04:19 2026: Dispatch Server: Accepted socket connection from client
Sun Aug 16 13:04:19 2026: Starting Socket connection
Sun Aug 16 13:04:22 2026: Dispatch Server: Accepted socket connection from client
Sun Aug 16 13:04:22 2026: Starting Socket connection
Sun Aug 16 13:04:22 2026: Dispatch Server: Accepted socket connection from client
Sun Aug 16 13:04:22 2026: Starting Socket connection
Sun Aug 16 13:04:22 2026: Dispatch Server: Accepted socket connection from client
Sun Aug 16 13:04:22 2026: Starting Socket connection
Sun Aug 16 13:04:24 2026: Dispatch Server: Accepted socket connection from client
Sun Aug 16 13:04:24 2026: Starting Socket connection
Sun Aug 16 13:04:24 2026: Dispatch Server: Accepted socket connection from client
Sun Aug 16 13:04:24 2026: Starting Socket connection
Sun Aug 16 13:04:25 2026: Dispatch Server: Accepted socket connection from client
Sun Aug 16 13:04:25 2026: Starting Socket connection
Sun Aug 16 13:04:26 2026: Dispatch Server: Accepted socket connection from client
Sun Aug 16 13:04:26 2026: Starting Socket connection
Sun Aug 16 13:04:28 2026: Dispatch Server: Accepted socket connection from client
Sun Aug 16 13:04:28 2026: Starting Socket connection
Sun Aug 16 13:04:29 2026: Dispatch Server: Accepted socket connection from client
Sun Aug 16 13:04:29 2026: Starting Socket connection
Sun Aug 16 13:04:29 2026: Dispatch Server: Accepted socket connection from client
Sun Aug 16 13:04:29 2026: Starting Socket connection
Sun Aug 16 13:04:30 2026: Dispatch Server: Accepted socket connection from client
Sun Aug 16 13:04:30 2026: Starting Socket connection
Sun Aug 16 13:04:31 2026: Dispatch Server: Accepted socket connection from client
Sun Aug 16 13:04:31 2026: Starting Socket connection
Sun Aug 16 13:04:32 2026: Dispatch Server: Accepted socket connection from client
Sun Aug 16 13:04:32 2026: Starting Socket connection
Sun Aug 16 13:04:32 2026: Dispatch Server: Accepted socket connection from client
Sun Aug 16 13:04:32 2026: Starting Socket connection
Sun Aug 16 13:04:35 2026: Dispatch Server: Accepted socket connection from client
Sun Aug 16 13:04:35 2026: Starting Socket connection
Sun Aug 16 13:04:36 2026: Dispatch Server: Accepted socket connection from client
Sun Aug 16 13:04:36 2026: Starting Socket connection
Sun Aug 16 13:04:58 2026: Dispatch Server: Accepted socket connection from client
Sun Aug 16 13:04:58 2026: Starting Socket connection
Sun Aug 16 13:04:58 2026: Dispatch Server: Accepted socket connection from client
Sun Aug 16 13:04:58 2026: Starting Socket connection
Sun Aug 16 13:04:58 2026: Dispatch Server: Accepted socket connection from client
Sun Aug 16 13:04:58 2026: Starting Socket connection
Sun Aug 16 13:04:58 2026: Dispatch Server: Accepted socket connection from client
Sun Aug 16 13:04:58 2026: Starting Socket connection
Sun Aug 16 13:05:01 2026: Dispatch Server: Accepted socket connection from client
Sun Aug 16 13:05:01 2026: Starting Socket connection
Sun Aug 16 13:05:03 2026: Dispatch Server: Accepted socket connection from client
Sun Aug 16 13:05:03 2026: Starting Socket connection
Sun Aug 16 13:05:03 2026: Dispatch Server: Accepted socket connection from client
Sun Aug 16 13:05:03 2026: Starting Socket connection
Sun Aug 16 13:05:04 2026: Dispatch Server: Accepted socket connection from client
Sun Aug 16 13:05:04 2026: Starting Socket connection
Sun Aug 16 13:05:29 2026: Dispatch Server: Accepted socket connection from client
Sun Aug 16 13:05:29 2026: Starting Socket connection
Sun Aug 16 13:05:29 2026: Dispatch Server: Accepted socket connection from client
Sun Aug 16 13:05:29 2026: Starting Socket connection
Sun Aug 16 13:05:35 2026: Dispatch Server: Accepted socket connection from client
Sun Aug 16 13:05:35 2026: Starting Socket connection
Sun Aug 16 13:06:08 2026: Dispatch Server: Accepted socket connection from client
Sun Aug 16 13:06:08 2026: Starting Socket connection
Sun Aug 16 13:30:14 2026: SESSION_MGR: closing session for UUID '177b3d06-a3cc-4bc9-a2b7-0d94a92f8fe6' with name 'v++_link_cmac_krnl.hw.au50'
Sun Aug 16 13:30:14 2026: KERNEL_SVC: closing session for UUID '177b3d06-a3cc-4bc9-a2b7-0d94a92f8fe6' with name 'v++_link_cmac_krnl.hw.au50'
Sun Aug 16 13:30:14 2026: GUIDANCE_SMGR: closing session for UUID '177b3d06-a3cc-4bc9-a2b7-0d94a92f8fe6' with name 'v++_link_cmac_krnl.hw.au50'
Sun Aug 16 13:30:14 2026: SYSTEM_DIAGRAM: closing session for UUID '177b3d06-a3cc-4bc9-a2b7-0d94a92f8fe6' with name 'v++_link_cmac_krnl.hw.au50'
Sun Aug 16 13:30:14 2026: STOP_SERVER received, server token: 921b54f0-ed48-4f52-a9cd-5e31be748fda, passed token: 921b54f0-ed48-4f52-a9cd-5e31be748fda
Sun Aug 16 13:30:14 2026: Socket received request to stop server.
Sun Aug 16 13:30:14 2026: Dispatch Server: do_await_stop
Sun Aug 16 13:30:14 2026: Dispatch Server: stopping mainFifo_
Sun Aug 16 13:30:14 2026: XCD main fifo: Stopping
Sun Aug 16 13:30:14 2026: XCD main fifo: do_read error code: Operation canceled
Sun Aug 16 13:30:14 2026: XCD main fifo: bytes_transferred: 0
Sun Aug 16 13:30:14 2026: SERVER: destructor for server bound to port 44871
Sun Aug 16 13:30:14 2026: XCD main fifo: Good unlink of /tmp/xcdmain921b54f0-ed48-4f52-a9cd-5e31be748fda
Sun Aug 16 13:30:14 2026: Server exiting with status 0.
Sun Aug 16 13:30:14 2026: Closing log file.
